Microchip MPLAB XC8 Compiler V1.20 ()

Linker command line:

--edf=C:\Program Files (x86)\Microchip\xc8\v1.20\dat\en_msgs.txt -cs \
  -h+dist/default/production\TCC.X.production.sym \
  --cmf=dist/default/production\TCC.X.production.cmf -z -Q16F886 \
  -oC:\Users\ALEXAN~1\AppData\Local\Temp\s7q0.6 \
  -Mdist/default/production/TCC.X.production.map -E1 -ver=XC8 \
  -ACONST=00h-0FFhx32 -ACODE=00h-07FFhx4 -ASTRCODE=00h-01FFFh \
  -AENTRY=00h-0FFhx32 -ASTRING=00h-0FFhx32 -ACOMMON=070h-07Fh \
  -ABANK0=020h-06Fh -ABANK1=0A0h-0EFh -ABANK2=0110h-016Fh \
  -ABANK3=0190h-01EFh -ARAM=020h-06Fh,0A0h-0EFh,0110h-016Fh,0190h-01EFh \
  -AABS1=020h-07Fh,0A0h-0EFh,0110h-016Fh,0190h-01EFh -ASFR0=00h-01Fh \
  -ASFR1=080h-09Fh -ASFR2=0100h-010Fh -ASFR3=0180h-018Fh \
  -preset_vec=00h,intentry=04h,init,end_init -ppowerup=CODE -pfunctab=CODE \
  -ACONFIG=02007h-02008h -pconfig=CONFIG -DCONFIG=2 -AIDLOC=02000h-02003h \
  -pidloc=IDLOC -DIDLOC=2 -AEEDATA=00h-0FFh/02100h -peeprom_data=EEDATA \
  -DEEDATA=2 -DCODE=2 -DSTRCODE=2 -DSTRING=2 -DCONST=2 -DENTRY=2 -k \
  C:\Users\ALEXAN~1\AppData\Local\Temp\s7q0.obj \
  dist/default/production\TCC.X.production.obj 

Object code version is 3.11

Machine type is 16F886



                Name                               Link     Load   Length Selector   Space Scale
C:\Users\ALEXAN~1\AppData\Local\Temp\s7q0.obj
                end_init                             12       12        3        8       0
                reset_vec                             0        0        3        0       0
                config                             2007     2007        2     400E       0
dist/default/production\TCC.X.production.obj
                intentry                              4        4        E        8       0
                text24                              936      936       19     126C       0
                text23                              9EA      9EA       2C     13D4       0
                text22                              91E      91E       18     123C       0
                text21                              914      914        A     1228       0
                text20                              99C      99C       27     1338       0
                text19                              906      906        6     120C       0
                text18                              AE7      AE7       5D     15CE       0
                text17                              6C7      6C7      12A      D8E       0
                text16                              B44      B44       7F     1688       0
                text15                              C94      C94       E7     1928       0
                text14                              A44      A44       30     1488       0
                text13                              E88      E88      178     1D10       0
                text12                              7F1      7F1        E      D8E       0
                text11                              94F      94F       19     129E       0
                text10                              A16      A16       2E     142C       0
                text9                               968      968       1A     12D0       0
                text8                               3F2      3F2        A        8       0
                text7                               9C3      9C3       27     1386       0
                text6                               90C      90C        8     1218       0
                text5                               395      395       5D        8       0
                text4                               D7B      D7B      10D     1AF6       0
                text3                               A74      A74       30     14E8       0
                text2                                15       15      380        8       0
                text1                               BC3      BC3       D1     1786       0
                maintext                            AA4      AA4       43     1548       0
                cstackBANK0                          20       20       27       20       1
                cstackCOMMON                         70       70        E       70       1
                dataBANK0                            4D       4D        3       20       1
                bssBANK0                             48       48        5       20       1
                bitbssBANK0                         238       47        5       20       1     8
                cinit                               982      982       1A     1304       0
                stringtext                          400      400      2C7        8       0
                strings                             800      800       12     1000       0
                idataBANK0                          3FC      3FC        3        8       0

TOTAL           Name                               Link     Load   Length     Space
        CLASS   CONST          

        CLASS   CODE           
                end_init                             12       12        3         0
                intentry                              4        4        E         0
                reset_vec                             0        0        3         0
                text24                              936      936       19         0
                text23                              9EA      9EA       2C         0
                text22                              91E      91E       18         0
                text21                              914      914        A         0
                text20                              99C      99C       27         0
                text19                              906      906        6         0
                text18                              AE7      AE7       5D         0
                text17                              6C7      6C7      12A         0
                text16                              B44      B44       7F         0
                text15                              C94      C94       E7         0
                text14                              A44      A44       30         0
                text13                              E88      E88      178         0
                text12                              7F1      7F1        E         0
                text11                              94F      94F       19         0
                text10                              A16      A16       2E         0
                text9                               968      968       1A         0
                text8                               3F2      3F2        A         0
                text7                               9C3      9C3       27         0
                text6                               90C      90C        8         0
                text5                               395      395       5D         0
                text4                               D7B      D7B      10D         0
                text3                               A74      A74       30         0
                text2                                15       15      380         0
                text1                               BC3      BC3       D1         0
                maintext                            AA4      AA4       43         0
                cinit                               982      982       1A         0
                idataBANK0                          3FC      3FC        3         0

        CLASS   STRCODE        
                stringtext                          400      400      2C7         0

        CLASS   ENTRY          

        CLASS   STRING         
                strings                             800      800       12         0

        CLASS   COMMON         
                cstackCOMMON                         70       70        E         1

        CLASS   BANK0          
                cstackBANK0                          20       20       27         1
                dataBANK0                            4D       4D        3         1
                bssBANK0                             48       48        5         1
                bitbssBANK0                         238       47        5         1

        CLASS   BANK1          

        CLASS   BANK2          

        CLASS   BANK3          

        CLASS   RAM            

        CLASS   ABS1           
                abs_s1                               7E       7E        2         1

        CLASS   SFR0           

        CLASS   SFR1           

        CLASS   SFR2           

        CLASS   SFR3           

        CLASS   CONFIG         
                config                             2007     2007        2         0

        CLASS   IDLOC          

        CLASS   EEDATA         



SEGMENTS        Name                           Load    Length   Top    Selector   Space  Class     Delta

                reset_vec                      000000  000003  000003         0       0  CODE        2
                intentry                       000004  0003FB  0003FF         8       0  CODE        2
                cstackBANK0                    000020  000030  000050        20       1  BANK0       1
                cstackCOMMON                   000070  00000E  00007E        70       1  COMMON      1
                stringtext                     000400  0002C7  0006C7         8       0  STRCODE     2
                text17                         0006C7  000138  0007FF       D8E       0  CODE        2
                strings                        000800  000012  000812      1000       0  STRING      2
                text19                         000906  000006  00090C      120C       0  CODE        2
                text6                          00090C  000008  000914      1218       0  CODE        2
                text21                         000914  00000A  00091E      1228       0  CODE        2
                text22                         00091E  000018  000936      123C       0  CODE        2
                text24                         000936  000019  00094F      126C       0  CODE        2
                text11                         00094F  000019  000968      129E       0  CODE        2
                text9                          000968  00001A  000982      12D0       0  CODE        2
                cinit                          000982  00001A  00099C      1304       0  CODE        2
                text20                         00099C  000027  0009C3      1338       0  CODE        2
                text7                          0009C3  000027  0009EA      1386       0  CODE        2
                text23                         0009EA  00002C  000A16      13D4       0  CODE        2
                text10                         000A16  00002E  000A44      142C       0  CODE        2
                text14                         000A44  000030  000A74      1488       0  CODE        2
                text3                          000A74  000030  000AA4      14E8       0  CODE        2
                maintext                       000AA4  000043  000AE7      1548       0  CODE        2
                text18                         000AE7  00005D  000B44      15CE       0  CODE        2
                text16                         000B44  00007F  000BC3      1688       0  CODE        2
                text1                          000BC3  0000D1  000C94      1786       0  CODE        2
                text15                         000C94  0000E7  000D7B      1928       0  CODE        2
                text4                          000D7B  00010D  000E88      1AF6       0  CODE        2
                text13                         000E88  000178  001000      1D10       0  CODE        2
                config                         002007  000002  002009      400E       0  CONFIG      2


UNUSED ADDRESS RANGES

        Name                Unused          Largest block    Delta
        BANK0            0050-006F             20           1
        BANK1            00A0-00EF             50           1
        BANK2            0110-016F             60           1
        BANK3            0190-01EF             60           1
        CODE             0003-0003              1           2
                         03FF-03FF              1
                         07FF-07FF              1
                         0812-0905             F4
                         1000-1FFF            800
        CONST            0003-0003              1           2
                         03FF-03FF              1
                         07FF-07FF              1
                         0812-0905             EE
                         1000-1FFF            100
        EEDATA           2100-21FF            100           2
        ENTRY            0003-0003              1           2
                         03FF-03FF              1
                         07FF-07FF              1
                         0812-0905             EE
                         1000-1FFF            100
        IDLOC            2000-2003              4           2
        RAM              0050-006F             20           1
                         00A0-00EF             50
                         0110-016F             60
                         0190-01EF             60
        SFR0             0000-001F             20           1
        SFR1             0080-009F             20           1
        SFR2             0100-010F             10           1
        SFR3             0180-018F             10           1
        STRCODE          0003-0003              1           2
                         03FF-03FF              1
                         07FF-07FF              1
                         0812-0905             F4
                         1000-1FFF           1000
        STRING           0003-0003              1           2
                         03FF-03FF              1
                         07FF-07FF              1
                         0812-0905             EE
                         1000-1FFF            100

                                  Symbol Table

?_printf                  cstackBANK0  0037
?i1_printf                cstackCOMMON 0077
_ANSEL                    (abs)        0188
_ANSELH                   (abs)        0189
_BF                       (abs)        04A0
_DADO_RX                  dataBANK0    004D
_INTCON                   (abs)        000B
_INTE                     (abs)        005C
_INTF                     (abs)        0059
_IOCB                     (abs)        0096
_ON                       bitbssBANK0  0238
_OPTION_REG               (abs)        0081
_OSCCON                   (abs)        008F
_PORTA                    (abs)        0005
_PORTB                    (abs)        0006
_PR2                      (abs)        0092
_RA4                      (abs)        002C
_RA5                      (abs)        002D
_RB1                      (abs)        0031
_RB2                      (abs)        0032
_RB7                      (abs)        0037
_RBIE                     (abs)        005B
_RBIF                     (abs)        0058
_RC0                      (abs)        0038
_RC1                      (abs)        0039
_RC6                      (abs)        003E
_SSPBUF                   (abs)        0013
_SSPCON                   (abs)        0014
_SSPCON2                  (abs)        0091
_SSPEN                    (abs)        00A5
_SSPSTAT                  (abs)        0094
_T1CON                    (abs)        0010
_T2CON                    (abs)        0012
_TMR1                     (abs)        000E
_TMR1IE                   (abs)        0460
_TMR1IF                   (abs)        0060
_TMR1ON                   (abs)        0080
_TMR2IE                   (abs)        0461
_TMR2IF                   (abs)        0061
_TMR2ON                   (abs)        0092
_TRISA                    (abs)        0085
_TRISB                    (abs)        0086
_TRISC                    (abs)        0087
_TRISC3                   (abs)        043B
_TRISC5                   (abs)        043D
__CFG_BOR4V$BOR40V        (abs)        0000
__CFG_BOREN$OFF           (abs)        0000
__CFG_CP$OFF              (abs)        0000
__CFG_CPD$OFF             (abs)        0000
__CFG_FCMEN$OFF           (abs)        0000
__CFG_FOSC$INTRC_NOCLKOUT (abs)        0000
__CFG_IESO$OFF            (abs)        0000
__CFG_LVP$OFF             (abs)        0000
__CFG_MCLRE$ON            (abs)        0000
__CFG_PWRTE$ON            (abs)        0000
__CFG_WDTE$OFF            (abs)        0000
__CFG_WRT$OFF             (abs)        0000
__Habs1                   abs1         0000
__Hbank0                  bank0        0000
__Hbank1                  bank1        0000
__Hbank2                  bank2        0000
__Hbank3                  bank3        0000
__HbitbssBANK0            bitbssBANK0  0000
__HbssBANK0               bssBANK0     0000
__Hcinit                  cinit        0000
__Hclrtext                clrtext      0000
__Hcode                   code         0000
__Hcommon                 common       0000
__Hconfig                 config       2009
__HcstackBANK0            cstackBANK0  0000
__HcstackCOMMON           cstackCOMMON 0000
__HdataBANK0              dataBANK0    0000
__Heeprom_data            eeprom_data  0000
__Hend_init               end_init     0015
__Hfunctab                functab      0000
__HidataBANK0             idataBANK0   0000
__Hidloc                  idloc        0000
__Hinit                   init         0012
__Hintentry               intentry     0012
__Hmaintext               maintext     0000
__Hpowerup                powerup      0000
__Hram                    ram          0000
__Hreset_vec              reset_vec    0003
__Hsfr0                   sfr0         0000
__Hsfr1                   sfr1         0000
__Hsfr2                   sfr2         0000
__Hsfr3                   sfr3         0000
__Hstrings                strings      0000
__Hstringtext             stringtext   0000
__Htext                   text         0000
__Labs1                   abs1         0000
__Lbank0                  bank0        0000
__Lbank1                  bank1        0000
__Lbank2                  bank2        0000
__Lbank3                  bank3        0000
__LbitbssBANK0            bitbssBANK0  0000
__LbssBANK0               bssBANK0     0000
__Lcinit                  cinit        0000
__Lclrtext                clrtext      0000
__Lcode                   code         0000
__Lcommon                 common       0000
__Lconfig                 config       2007
__LcstackBANK0            cstackBANK0  0000
__LcstackCOMMON           cstackCOMMON 0000
__LdataBANK0              dataBANK0    0000
__Leeprom_data            eeprom_data  0000
__Lend_init               end_init     0012
__Lfunctab                functab      0000
__LidataBANK0             idataBANK0   0000
__Lidloc                  idloc        0000
__Linit                   init         0012
__Lintentry               intentry     0004
__Lmaintext               maintext     0000
__Lpowerup                powerup      0000
__Lram                    ram          0000
__Lreset_vec              reset_vec    0000
__Lsfr0                   sfr0         0000
__Lsfr1                   sfr1         0000
__Lsfr2                   sfr2         0000
__Lsfr3                   sfr3         0000
__Lstrings                strings      0000
__Lstringtext             stringtext   0000
__Ltext                   text         0000
__S0                      (abs)        2009
__S1                      (abs)        007E
__S3                      (abs)        0000
___latbits                (abs)        0002
__end_of__initialization  cinit        0998
__end_of__stringdata      stringtext   06C7
__end_of__stringtab       strings      0812
__end_of_acao             text17       07F1
__end_of_bip              text3        0AA4
__end_of_inicializacao    text16       0BC3
__end_of_lcd_clear        text9        0982
__end_of_lcd_goto         text8        03FC
__end_of_lcd_init         text1        0C94
__end_of_lcd_putc         text7        09EA
__end_of_lcd_write        text10       0A44
__end_of_main             maintext     0AE7
__end_of_menu             text4        0E88
__end_of_principal        text2        0395
__end_of_printf           text5        03F2
__end_of_putch            text6        0914
__end_of_spi_init         text12       07FF
__end_of_spi_read         text11       0968
__end_of_xandi            text13       1000
__end_ofi1_bip            text14       0A74
__end_ofi1_lcd_clear      text22       0936
__end_ofi1_lcd_goto       text21       091E
__end_ofi1_lcd_putc       text20       09C3
__end_ofi1_lcd_write      text23       0A16
__end_ofi1_menu           text15       0D7B
__end_ofi1_printf         text18       0B44
__end_ofi1_putch          text19       090C
__end_ofi1_spi_read       text24       094F
__initialization          cinit        0982
__pbitbssBANK0            bitbssBANK0  0238
__pbssBANK0               bssBANK0     0048
__pcstackBANK0            cstackBANK0  0020
__pcstackCOMMON           cstackCOMMON 0070
__pdataBANK0              dataBANK0    004D
__pidataBANK0             idataBANK0   03FC
__pintentry               intentry     0004
__pmaintext               maintext     0AA4
__pstrings                strings      0800
__pstringtext             stringtext   0400
__ptext1                  text1        0BC3
__ptext10                 text10       0A16
__ptext11                 text11       094F
__ptext12                 text12       07F1
__ptext13                 text13       0E88
__ptext14                 text14       0A44
__ptext15                 text15       0C94
__ptext16                 text16       0B44
__ptext17                 text17       06C7
__ptext18                 text18       0AE7
__ptext19                 text19       0906
__ptext2                  text2        0015
__ptext20                 text20       099C
__ptext21                 text21       0914
__ptext22                 text22       091E
__ptext23                 text23       09EA
__ptext24                 text24       0936
__ptext3                  text3        0A74
__ptext4                  text4        0D7B
__ptext5                  text5        0395
__ptext6                  text6        090C
__ptext7                  text7        09C3
__ptext8                  text8        03F2
__ptext9                  text9        0968
__size_of_acao            (abs)        0000
__size_of_bip             (abs)        0000
__size_of_inicializacao   (abs)        0000
__size_of_lcd_clear       (abs)        0000
__size_of_lcd_goto        (abs)        0000
__size_of_lcd_init        (abs)        0000
__size_of_lcd_putc        (abs)        0000
__size_of_lcd_write       (abs)        0000
__size_of_main            (abs)        0000
__size_of_menu            (abs)        0000
__size_of_principal       (abs)        0000
__size_of_printf          (abs)        0000
__size_of_putch           (abs)        0000
__size_of_spi_init        (abs)        0000
__size_of_spi_read        (abs)        0000
__size_of_xandi           (abs)        0000
__size_ofi1_bip           (abs)        0000
__size_ofi1_lcd_clear     (abs)        0000
__size_ofi1_lcd_goto      (abs)        0000
__size_ofi1_lcd_putc      (abs)        0000
__size_ofi1_lcd_write     (abs)        0000
__size_ofi1_menu          (abs)        0000
__size_ofi1_printf        (abs)        0000
__size_ofi1_putch         (abs)        0000
__size_ofi1_spi_read      (abs)        0000
__stringbase              strings      0812
__stringdata              stringtext   0400
__stringtab               strings      0800
_acao                     text17       06C7
_bip                      text3        0A74
_buffer                   dataBANK0    004E
_cont                     bssBANK0     0048
_cont_timer               bssBANK0     0049
_enter                    bitbssBANK0  0239
_inicializacao            text16       0B44
_lcd_clear                text9        0968
_lcd_goto                 text8        03F2
_lcd_init                 text1        0BC3
_lcd_putc                 text7        09C3
_lcd_write                text10       0A16
_main                     maintext     0AA4
_menu                     text4        0D7B
_oi                       bitbssBANK0  023A
_ok                       dataBANK0    004F
_portas_1                 bssBANK0     004A
_portas_2                 bssBANK0     004B
_posicao                  bssBANK0     004C
_principal                text2        0015
_printf                   text5        0395
_putch                    text6        090C
_rec                      bitbssBANK0  023B
_selec_portas             bitbssBANK0  023C
_spi_init                 text12       07F1
_spi_read                 text11       094F
_xandi                    text13       0E88
btemp                     (abs)        007E
end_of_initialization     cinit        0998
i1_bip                    text14       0A44
i1_lcd_clear              text22       091E
i1_lcd_goto               text21       0914
i1_lcd_putc               text20       099C
i1_lcd_write              text23       09EA
i1_menu                   text15       0C94
i1_printf                 text18       0AE7
i1_putch                  text19       0906
i1_spi_read               text24       0936
i1lcd_goto@pos            cstackCOMMON 0073
i1lcd_putc@c              cstackCOMMON 0075
i1lcd_write@c             cstackCOMMON 0072
i1printf@ap               cstackBANK0  0024
i1printf@c                cstackBANK0  0025
i1printf@f                cstackCOMMON 0077
i1printf@flag             cstackBANK0  0023
i1putch@c                 cstackCOMMON 0076
i1spi_read@dado           cstackCOMMON 0071
i1spi_read@rec            cstackCOMMON 0072
interrupt_function        intentry     0004
intlevel0                 functab      0000
intlevel1                 functab      0000
intlevel2                 functab      0000
intlevel3                 functab      0000
intlevel4                 functab      0000
intlevel5                 functab      0000
lcd_goto@pos              cstackBANK0  0033
lcd_init@init_value       cstackBANK0  0037
lcd_putc@c                cstackBANK0  0035
lcd_write@c               cstackBANK0  0032
printf@ap                 cstackBANK0  0041
printf@c                  cstackBANK0  0042
printf@f                  cstackBANK0  0037
printf@flag               cstackBANK0  0040
putch@c                   cstackBANK0  0036
reset_vec                 reset_vec    0000
saved_w                   (abs)        007E
spi_read@dado             cstackBANK0  0031
spi_read@rec              cstackBANK0  0032
start                     init         0012
start_initialization      cinit        0982
wtemp0                    (abs)        007E


FUNCTION INFORMATION:

 *************** function _main *****************
 Defined at:
		line 530 in file "TCC_1.c"
 Parameters:    Size  Location     Type
		None
 Auto vars:     Size  Location     Type
		None
 Return value:  Size  Location     Type
		None               void
 Registers used:
		wreg, fsr0l, fsr0h, fsr1l, fsr1h, fsr1l, fsr1h, status,2, status,0, btemp+1, pclath, cstack
 Tracked objects:
		On entry : 
		On exit  : 
		Unchanged: 
 Data sizes:     COMMON   BANK0   BANK1   BANK3   BANK2
      Params:         0       0       0       0       0
      Locals:         0       0       0       0       0
      Temps:          0       0       0       0       0
      Totals:         0       0       0       0       0
Total ram usage:        0 bytes
 Hardware stack levels required when called:   14
 This function calls:
		_spi_init
		_principal
		_lcd_init
 This function is called by:
		Startup code after reset
 This function uses a non-reentrant model


 *************** function _lcd_init *****************
 Defined at:
		line 111 in file "../LCD_ModSauer.c"
 Parameters:    Size  Location     Type
		None
 Auto vars:     Size  Location     Type
  init_value      1   23[BANK0 ] unsigned char 
 Return value:  Size  Location     Type
		None               void
 Registers used:
		wreg, status,2, status,0, pclath, cstack
 Tracked objects:
		On entry : 
		On exit  : 
		Unchanged: 
 Data sizes:     COMMON   BANK0   BANK1   BANK3   BANK2
      Params:         0       0       0       0       0
      Locals:         0       1       0       0       0
      Temps:          0       2       0       0       0
      Totals:         0       3       0       0       0
Total ram usage:        3 bytes
 Hardware stack levels used:    1
 Hardware stack levels required when called:    9
 This function calls:
		_lcd_clear
		_lcd_write
 This function is called by:
		_main
 This function uses a non-reentrant model


 *************** function _principal *****************
 Defined at:
		line 260 in file "TCC_1.c"
 Parameters:    Size  Location     Type
		None
 Auto vars:     Size  Location     Type
		None
 Return value:  Size  Location     Type
		None               void
 Registers used:
		wreg, fsr0l, fsr0h, fsr1l, fsr1h, fsr1l, fsr1h, status,2, status,0, btemp+1, pclath, cstack
 Tracked objects:
		On entry : 
		On exit  : 
		Unchanged: 
 Data sizes:     COMMON   BANK0   BANK1   BANK3   BANK2
      Params:         0       0       0       0       0
      Locals:         0       0       0       0       0
      Temps:          0       3       0       0       0
      Totals:         0       3       0       0       0
Total ram usage:        3 bytes
 Hardware stack levels used:    1
 Hardware stack levels required when called:   13
 This function calls:
		_spi_read
		_lcd_clear
		_printf
		_menu
		_bip
 This function is called by:
		_main
 This function uses a non-reentrant model


 *************** function _bip *****************
 Defined at:
		line 249 in file "TCC_1.c"
 Parameters:    Size  Location     Type
		None
 Auto vars:     Size  Location     Type
		None
 Return value:  Size  Location     Type
		None               void
 Registers used:
		wreg
 Tracked objects:
		On entry : 
		On exit  : 
		Unchanged: 
 Data sizes:     COMMON   BANK0   BANK1   BANK3   BANK2
      Params:         0       0       0       0       0
      Locals:         0       0       0       0       0
      Temps:          0       3       0       0       0
      Totals:         0       3       0       0       0
Total ram usage:        3 bytes
 Hardware stack levels used:    1
 Hardware stack levels required when called:    7
 This function calls:
		Nothing
 This function is called by:
		_principal
 This function uses a non-reentrant model


 *************** function _menu *****************
 Defined at:
		line 175 in file "TCC_1.c"
 Parameters:    Size  Location     Type
		None
 Auto vars:     Size  Location     Type
		None
 Return value:  Size  Location     Type
		None               void
 Registers used:
		wreg, fsr0l, fsr0h, fsr1l, fsr1h, fsr1l, fsr1h, status,2, status,0, btemp+1, pclath, cstack
 Tracked objects:
		On entry : 
		On exit  : 
		Unchanged: 
 Data sizes:     COMMON   BANK0   BANK1   BANK3   BANK2
      Params:         0       0       0       0       0
      Locals:         0       0       0       0       0
      Temps:          0       1       0       0       0
      Totals:         0       1       0       0       0
Total ram usage:        1 bytes
 Hardware stack levels used:    1
 Hardware stack levels required when called:   12
 This function calls:
		_lcd_clear
		_printf
 This function is called by:
		_principal
 This function uses a non-reentrant model


 *************** function _printf *****************
 Defined at:
		line 465 in file "C:\Program Files (x86)\Microchip\xc8\v1.20\sources\common\doprnt.c"
 Parameters:    Size  Location     Type
  f               2   23[BANK0 ] PTR const unsigned char 
		 -> STR_58(14), STR_57(17), STR_56(19), STR_55(32), 
		 -> STR_54(35), STR_53(14), STR_52(15), STR_51(14), 
		 -> STR_50(14), STR_49(13), STR_48(15), STR_47(14), 
		 -> STR_46(19), STR_45(14), STR_44(15), STR_43(14), 
		 -> STR_42(14), STR_41(13), STR_40(15), STR_39(14), 
		 -> STR_38(19), STR_37(14), STR_36(15), STR_35(14), 
		 -> STR_34(14), STR_33(13), STR_32(15), STR_31(14), 
		 -> STR_30(19), STR_29(14), STR_28(15), STR_27(14), 
		 -> STR_26(14), STR_25(13), STR_24(15), STR_23(14), 
		 -> STR_22(19), STR_21(8), STR_20(5), STR_19(15), 
		 -> STR_18(13), STR_17(20), STR_16(11), STR_15(11), 
		 -> STR_14(11), STR_13(10), STR_12(10), STR_11(11), 
		 -> STR_10(10), STR_9(10), STR_8(10), STR_7(10), 
		 -> STR_6(10), STR_5(10), STR_4(20), STR_3(18), 
		 -> STR_2(19), STR_1(14), 
 Auto vars:     Size  Location     Type
  _val            4    0        struct .
  c               1   34[BANK0 ] char 
  ap              1   33[BANK0 ] PTR void [1]
		 -> ?_printf(2), 
  flag            1   32[BANK0 ] unsigned char 
  prec            1    0        char 
 Return value:  Size  Location     Type
                  2   23[BANK0 ] int 
 Registers used:
		wreg, fsr0l, fsr0h, fsr1l, fsr1h, fsr1l, fsr1h, status,2, status,0, btemp+1, pclath, cstack
 Tracked objects:
		On entry : 
		On exit  : 
		Unchanged: 
 Data sizes:     COMMON   BANK0   BANK1   BANK3   BANK2
      Params:         0       6       0       0       0
      Locals:         0       3       0       0       0
      Temps:          0       3       0       0       0
      Totals:         0      12       0       0       0
Total ram usage:       12 bytes
 Hardware stack levels used:    1
 Hardware stack levels required when called:   11
 This function calls:
		_putch
 This function is called by:
		_menu
		_principal
 This function uses a non-reentrant model


 *************** function _putch *****************
 Defined at:
		line 168 in file "../LCD_ModSauer.c"
 Parameters:    Size  Location     Type
  c               1    wreg     unsigned char 
 Auto vars:     Size  Location     Type
  c               1   22[BANK0 ] unsigned char 
 Return value:  Size  Location     Type
		None               void
 Registers used:
		wreg, fsr0l, fsr0h, status,2, status,0, pclath, cstack
 Tracked objects:
		On entry : 
		On exit  : 
		Unchanged: 
 Data sizes:     COMMON   BANK0   BANK1   BANK3   BANK2
      Params:         0       0       0       0       0
      Locals:         0       1       0       0       0
      Temps:          0       0       0       0       0
      Totals:         0       1       0       0       0
Total ram usage:        1 bytes
 Hardware stack levels used:    1
 Hardware stack levels required when called:   10
 This function calls:
		_lcd_putc
 This function is called by:
		_printf
 This function uses a non-reentrant model


 *************** function _lcd_putc *****************
 Defined at:
		line 76 in file "../LCD_ModSauer.c"
 Parameters:    Size  Location     Type
  c               1    wreg     unsigned char 
 Auto vars:     Size  Location     Type
  c               1   21[BANK0 ] unsigned char 
 Return value:  Size  Location     Type
		None               void
 Registers used:
		wreg, fsr0l, fsr0h, status,2, status,0, pclath, cstack
 Tracked objects:
		On entry : 
		On exit  : 
		Unchanged: 
 Data sizes:     COMMON   BANK0   BANK1   BANK3   BANK2
      Params:         0       0       0       0       0
      Locals:         0       1       0       0       0
      Temps:          0       0       0       0       0
      Totals:         0       1       0       0       0
Total ram usage:        1 bytes
 Hardware stack levels used:    1
 Hardware stack levels required when called:    9
 This function calls:
		_lcd_clear
		_lcd_write
		_lcd_goto
 This function is called by:
		_putch
 This function uses a non-reentrant model


 *************** function _lcd_goto *****************
 Defined at:
		line 103 in file "../LCD_ModSauer.c"
 Parameters:    Size  Location     Type
  pos             1    wreg     unsigned char 
 Auto vars:     Size  Location     Type
  pos             1   19[BANK0 ] unsigned char 
 Return value:  Size  Location     Type
		None               void
 Registers used:
		wreg, status,2, status,0, pclath, cstack
 Tracked objects:
		On entry : 
		On exit  : 
		Unchanged: 
 Data sizes:     COMMON   BANK0   BANK1   BANK3   BANK2
      Params:         0       0       0       0       0
      Locals:         0       1       0       0       0
      Temps:          0       0       0       0       0
      Totals:         0       1       0       0       0
Total ram usage:        1 bytes
 Hardware stack levels used:    1
 Hardware stack levels required when called:    8
 This function calls:
		_lcd_write
 This function is called by:
		_lcd_putc
 This function uses a non-reentrant model


 *************** function _lcd_clear *****************
 Defined at:
		line 56 in file "../LCD_ModSauer.c"
 Parameters:    Size  Location     Type
		None
 Auto vars:     Size  Location     Type
		None
 Return value:  Size  Location     Type
		None               void
 Registers used:
		wreg, status,2, status,0, pclath, cstack
 Tracked objects:
		On entry : 
		On exit  : 
		Unchanged: 
 Data sizes:     COMMON   BANK0   BANK1   BANK3   BANK2
      Params:         0       0       0       0       0
      Locals:         0       0       0       0       0
      Temps:          0       2       0       0       0
      Totals:         0       2       0       0       0
Total ram usage:        2 bytes
 Hardware stack levels used:    1
 Hardware stack levels required when called:    8
 This function calls:
		_lcd_write
 This function is called by:
		_menu
		_principal
		_lcd_putc
		_lcd_init
 This function uses a non-reentrant model


 *************** function _lcd_write *****************
 Defined at:
		line 39 in file "../LCD_ModSauer.c"
 Parameters:    Size  Location     Type
  c               1    wreg     unsigned char 
 Auto vars:     Size  Location     Type
  c               1   18[BANK0 ] unsigned char 
 Return value:  Size  Location     Type
		None               void
 Registers used:
		wreg, status,2, status,0
 Tracked objects:
		On entry : 
		On exit  : 
		Unchanged: 
 Data sizes:     COMMON   BANK0   BANK1   BANK3   BANK2
      Params:         0       0       0       0       0
      Locals:         0       1       0       0       0
      Temps:          0       2       0       0       0
      Totals:         0       3       0       0       0
Total ram usage:        3 bytes
 Hardware stack levels used:    1
 Hardware stack levels required when called:    7
 This function calls:
		Nothing
 This function is called by:
		_lcd_clear
		_lcd_putc
		_lcd_goto
		_lcd_init
		_lcd_puts
 This function uses a non-reentrant model


 *************** function _spi_read *****************
 Defined at:
		line 65 in file "TCC_1.c"
 Parameters:    Size  Location     Type
  dado            1    wreg     unsigned char 
 Auto vars:     Size  Location     Type
  dado            1   17[BANK0 ] unsigned char 
  rec             1   18[BANK0 ] unsigned char 
 Return value:  Size  Location     Type
                  1    wreg      unsigned char 
 Registers used:
		wreg
 Tracked objects:
		On entry : 
		On exit  : 
		Unchanged: 
 Data sizes:     COMMON   BANK0   BANK1   BANK3   BANK2
      Params:         0       0       0       0       0
      Locals:         0       2       0       0       0
      Temps:          0       1       0       0       0
      Totals:         0       3       0       0       0
Total ram usage:        3 bytes
 Hardware stack levels used:    1
 Hardware stack levels required when called:    7
 This function calls:
		Nothing
 This function is called by:
		_principal
 This function uses a non-reentrant model


 *************** function _spi_init *****************
 Defined at:
		line 51 in file "TCC_1.c"
 Parameters:    Size  Location     Type
		None
 Auto vars:     Size  Location     Type
		None
 Return value:  Size  Location     Type
		None               void
 Registers used:
		wreg, status,2
 Tracked objects:
		On entry : 
		On exit  : 
		Unchanged: 
 Data sizes:     COMMON   BANK0   BANK1   BANK3   BANK2
      Params:         0       0       0       0       0
      Locals:         0       0       0       0       0
      Temps:          0       0       0       0       0
      Totals:         0       0       0       0       0
Total ram usage:        0 bytes
 Hardware stack levels used:    1
 Hardware stack levels required when called:    7
 This function calls:
		Nothing
 This function is called by:
		_main
 This function uses a non-reentrant model


 *************** function _xandi *****************
 Defined at:
		line 429 in file "TCC_1.c"
 Parameters:    Size  Location     Type
		None
 Auto vars:     Size  Location     Type
		None
 Return value:  Size  Location     Type
		None               void
 Registers used:
		wreg, fsr0l, fsr0h, status,2, status,0, btemp+1, pclath, cstack
 Tracked objects:
		On entry : 
		On exit  : 
		Unchanged: 
 Data sizes:     COMMON   BANK0   BANK1   BANK3   BANK2
      Params:         0       0       0       0       0
      Locals:         0       0       0       0       0
      Temps:          0       7       0       0       0
      Totals:         0       7       0       0       0
Total ram usage:        7 bytes
 Hardware stack levels used:    1
 Hardware stack levels required when called:    6
 This function calls:
		_acao
		_inicializacao
		i1_spi_read
		i1_menu
		i1_bip
		i1_lcd_clear
		i1_printf
 This function is called by:
		Interrupt level 1
 This function uses a non-reentrant model


 *************** function i1_bip *****************
 Defined at:
		line 249 in file "TCC_1.c"
 Parameters:    Size  Location     Type
		None
 Auto vars:     Size  Location     Type
		None
 Return value:  Size  Location     Type
		None               void
 Registers used:
		wreg
 Tracked objects:
		On entry : 
		On exit  : 
		Unchanged: 
 Data sizes:     COMMON   BANK0   BANK1   BANK3   BANK2
      Params:         0       0       0       0       0
      Locals:         0       0       0       0       0
      Temps:          3       0       0       0       0
      Totals:         3       0       0       0       0
Total ram usage:        3 bytes
 Hardware stack levels used:    1
 This function calls:
		Nothing
 This function is called by:
		_xandi
 This function uses a non-reentrant model


 *************** function i1_menu *****************
 Defined at:
		line 175 in file "TCC_1.c"
 Parameters:    Size  Location     Type
		None
 Auto vars:     Size  Location     Type
		None
 Return value:  Size  Location     Type
		None               void
 Registers used:
		wreg, fsr0l, fsr0h, status,2, status,0, btemp+1, pclath, cstack
 Tracked objects:
		On entry : 
		On exit  : 
		Unchanged: 
 Data sizes:     COMMON   BANK0   BANK1   BANK3   BANK2
      Params:         0       0       0       0       0
      Locals:         0       0       0       0       0
      Temps:          1       0       0       0       0
      Totals:         1       0       0       0       0
Total ram usage:        1 bytes
 Hardware stack levels used:    1
 Hardware stack levels required when called:    5
 This function calls:
		i1_lcd_clear
		i1_printf
 This function is called by:
		_xandi
 This function uses a non-reentrant model


 *************** function _inicializacao *****************
 Defined at:
		line 414 in file "TCC_1.c"
 Parameters:    Size  Location     Type
		None
 Auto vars:     Size  Location     Type
		None
 Return value:  Size  Location     Type
		None               void
 Registers used:
		wreg, fsr0l, fsr0h, status,2, status,0, btemp+1, pclath, cstack
 Tracked objects:
		On entry : 
		On exit  : 
		Unchanged: 
 Data sizes:     COMMON   BANK0   BANK1   BANK3   BANK2
      Params:         0       0       0       0       0
      Locals:         0       0       0       0       0
      Temps:          0       3       0       0       0
      Totals:         0       3       0       0       0
Total ram usage:        3 bytes
 Hardware stack levels used:    1
 Hardware stack levels required when called:    5
 This function calls:
		i1_lcd_clear
		i1_printf
 This function is called by:
		_xandi
 This function uses a non-reentrant model


 *************** function _acao *****************
 Defined at:
		line 81 in file "TCC_1.c"
 Parameters:    Size  Location     Type
		None
 Auto vars:     Size  Location     Type
		None
 Return value:  Size  Location     Type
		None               void
 Registers used:
		wreg, fsr0l, fsr0h, status,2, status,0, btemp+1, pclath, cstack
 Tracked objects:
		On entry : 
		On exit  : 
		Unchanged: 
 Data sizes:     COMMON   BANK0   BANK1   BANK3   BANK2
      Params:         0       0       0       0       0
      Locals:         0       0       0       0       0
      Temps:          0       3       0       0       0
      Totals:         0       3       0       0       0
Total ram usage:        3 bytes
 Hardware stack levels used:    1
 Hardware stack levels required when called:    5
 This function calls:
		i1_spi_read
		i1_lcd_clear
		i1_printf
 This function is called by:
		_xandi
 This function uses a non-reentrant model


 *************** function i1_printf *****************
 Defined at:
		line 465 in file "C:\Program Files (x86)\Microchip\xc8\v1.20\sources\common\doprnt.c"
 Parameters:    Size  Location     Type
  printf          2    7[COMMON] PTR const unsigned char 
		 -> STR_58(14), STR_57(17), STR_56(19), STR_55(32), 
		 -> STR_54(35), STR_53(14), STR_52(15), STR_51(14), 
		 -> STR_50(14), STR_49(13), STR_48(15), STR_47(14), 
		 -> STR_46(19), STR_45(14), STR_44(15), STR_43(14), 
		 -> STR_42(14), STR_41(13), STR_40(15), STR_39(14), 
		 -> STR_38(19), STR_37(14), STR_36(15), STR_35(14), 
		 -> STR_34(14), STR_33(13), STR_32(15), STR_31(14), 
		 -> STR_30(19), STR_29(14), STR_28(15), STR_27(14), 
		 -> STR_26(14), STR_25(13), STR_24(15), STR_23(14), 
		 -> STR_22(19), STR_21(8), STR_20(5), STR_19(15), 
		 -> STR_18(13), STR_17(20), STR_16(11), STR_15(11), 
		 -> STR_14(11), STR_13(10), STR_12(10), STR_11(11), 
		 -> STR_10(10), STR_9(10), STR_8(10), STR_7(10), 
		 -> STR_6(10), STR_5(10), STR_4(20), STR_3(18), 
		 -> STR_2(19), STR_1(14), 
 Auto vars:     Size  Location     Type
  printf          4    0        struct .
  printf          1    5[BANK0 ] char 
  printf          1    4[BANK0 ] PTR void [1]
		 -> ?_printf(2), 
  printf          1    3[BANK0 ] unsigned char 
  printf          1    0        char 
 Return value:  Size  Location     Type
                  2    7[COMMON] int 
 Registers used:
		wreg, fsr0l, fsr0h, status,2, status,0, btemp+1, pclath, cstack
 Tracked objects:
		On entry : 
		On exit  : 
		Unchanged: 
 Data sizes:     COMMON   BANK0   BANK1   BANK3   BANK2
      Params:         6       0       0       0       0
      Locals:         0       3       0       0       0
      Temps:          0       3       0       0       0
      Totals:         6       6       0       0       0
Total ram usage:       12 bytes
 Hardware stack levels used:    1
 Hardware stack levels required when called:    4
 This function calls:
		i1_putch
 This function is called by:
		_acao
		_inicializacao
		_xandi
		i1_menu
 This function uses a non-reentrant model


 *************** function i1_putch *****************
 Defined at:
		line 168 in file "../LCD_ModSauer.c"
 Parameters:    Size  Location     Type
  putch           1    wreg     unsigned char 
 Auto vars:     Size  Location     Type
  putch           1    6[COMMON] unsigned char 
 Return value:  Size  Location     Type
		None               void
 Registers used:
		wreg, fsr0l, fsr0h, status,2, status,0, pclath, cstack
 Tracked objects:
		On entry : 
		On exit  : 
		Unchanged: 
 Data sizes:     COMMON   BANK0   BANK1   BANK3   BANK2
      Params:         0       0       0       0       0
      Locals:         1       0       0       0       0
      Temps:          0       0       0       0       0
      Totals:         1       0       0       0       0
Total ram usage:        1 bytes
 Hardware stack levels used:    1
 Hardware stack levels required when called:    3
 This function calls:
		i1_lcd_putc
 This function is called by:
		i1_printf
 This function uses a non-reentrant model


 *************** function i1_lcd_putc *****************
 Defined at:
		line 76 in file "../LCD_ModSauer.c"
 Parameters:    Size  Location     Type
  lcd_putc        1    wreg     unsigned char 
 Auto vars:     Size  Location     Type
  lcd_putc        1    5[COMMON] unsigned char 
 Return value:  Size  Location     Type
		None               void
 Registers used:
		wreg, fsr0l, fsr0h, status,2, status,0, pclath, cstack
 Tracked objects:
		On entry : 
		On exit  : 
		Unchanged: 
 Data sizes:     COMMON   BANK0   BANK1   BANK3   BANK2
      Params:         0       0       0       0       0
      Locals:         1       0       0       0       0
      Temps:          0       0       0       0       0
      Totals:         1       0       0       0       0
Total ram usage:        1 bytes
 Hardware stack levels used:    1
 Hardware stack levels required when called:    2
 This function calls:
		i1_lcd_write
		i1_lcd_clear
		i1_lcd_goto
 This function is called by:
		i1_putch
 This function uses a non-reentrant model


 *************** function i1_lcd_goto *****************
 Defined at:
		line 103 in file "../LCD_ModSauer.c"
 Parameters:    Size  Location     Type
  lcd_goto        1    wreg     unsigned char 
 Auto vars:     Size  Location     Type
  lcd_goto        1    3[COMMON] unsigned char 
 Return value:  Size  Location     Type
		None               void
 Registers used:
		wreg, status,2, status,0, pclath, cstack
 Tracked objects:
		On entry : 
		On exit  : 
		Unchanged: 
 Data sizes:     COMMON   BANK0   BANK1   BANK3   BANK2
      Params:         0       0       0       0       0
      Locals:         1       0       0       0       0
      Temps:          0       0       0       0       0
      Totals:         1       0       0       0       0
Total ram usage:        1 bytes
 Hardware stack levels used:    1
 Hardware stack levels required when called:    1
 This function calls:
		i1_lcd_write
 This function is called by:
		i1_lcd_putc
 This function uses a non-reentrant model


 *************** function i1_lcd_clear *****************
 Defined at:
		line 56 in file "../LCD_ModSauer.c"
 Parameters:    Size  Location     Type
		None
 Auto vars:     Size  Location     Type
		None
 Return value:  Size  Location     Type
		None               void
 Registers used:
		wreg, status,2, status,0, pclath, cstack
 Tracked objects:
		On entry : 
		On exit  : 
		Unchanged: 
 Data sizes:     COMMON   BANK0   BANK1   BANK3   BANK2
      Params:         0       0       0       0       0
      Locals:         0       0       0       0       0
      Temps:          2       0       0       0       0
      Totals:         2       0       0       0       0
Total ram usage:        2 bytes
 Hardware stack levels used:    1
 Hardware stack levels required when called:    1
 This function calls:
		i1_lcd_write
 This function is called by:
		_acao
		_inicializacao
		_xandi
		i1_menu
		i1_lcd_putc
 This function uses a non-reentrant model


 *************** function i1_lcd_write *****************
 Defined at:
		line 39 in file "../LCD_ModSauer.c"
 Parameters:    Size  Location     Type
  lcd_write       1    wreg     unsigned char 
 Auto vars:     Size  Location     Type
  lcd_write       1    2[COMMON] unsigned char 
 Return value:  Size  Location     Type
		None               void
 Registers used:
		wreg, status,2, status,0
 Tracked objects:
		On entry : 
		On exit  : 
		Unchanged: 
 Data sizes:     COMMON   BANK0   BANK1   BANK3   BANK2
      Params:         0       0       0       0       0
      Locals:         1       0       0       0       0
      Temps:          2       0       0       0       0
      Totals:         3       0       0       0       0
Total ram usage:        3 bytes
 Hardware stack levels used:    1
 This function calls:
		Nothing
 This function is called by:
		i1_lcd_clear
		i1_lcd_putc
		i1_lcd_goto
 This function uses a non-reentrant model


 *************** function i1_spi_read *****************
 Defined at:
		line 65 in file "TCC_1.c"
 Parameters:    Size  Location     Type
  spi_read        1    wreg     unsigned char 
 Auto vars:     Size  Location     Type
  spi_read        1    1[COMMON] unsigned char 
  spi_read        1    2[COMMON] unsigned char 
 Return value:  Size  Location     Type
                  1    wreg      unsigned char 
 Registers used:
		wreg
 Tracked objects:
		On entry : 
		On exit  : 
		Unchanged: 
 Data sizes:     COMMON   BANK0   BANK1   BANK3   BANK2
      Params:         0       0       0       0       0
      Locals:         2       0       0       0       0
      Temps:          1       0       0       0       0
      Totals:         3       0       0       0       0
Total ram usage:        3 bytes
 Hardware stack levels used:    1
 This function calls:
		Nothing
 This function is called by:
		_acao
		_xandi
 This function uses a non-reentrant model



MODULE INFORMATION

Module		Function		Class		Link	Load	Size
C:\Program Files (x86)\Microchip\xc8\v1.20\sources\common\doprnt.c
		_printf        		CODE           	0395	0000	93

C:\Program Files (x86)\Microchip\xc8\v1.20\sources\common\doprnt.c estimated size: 93

shared
		i1_printf      		CODE           	0AE7	0000	93
		i1_putch       		CODE           	0906	0000	6
		__stringtab    		STRING         	0800	0000	18
		__stringdata   		STRCODE        	0400	0000	711
		i1_bip         		CODE           	0A44	0000	48
		i1_menu        		CODE           	0C94	0000	231
		i1_spi_read    		CODE           	0936	0000	25
		__initializatio		CODE           	0982	0000	22
		i1_lcd_goto    		CODE           	0914	0000	10
		i1_lcd_write   		CODE           	09EA	0000	44
		i1_lcd_putc    		CODE           	099C	0000	39
		i1_lcd_clear   		CODE           	091E	0000	24

shared estimated size: 1271

TCC_1.c
		_bip           		CODE           	0A74	0000	48
		_menu          		CODE           	0D7B	0000	269
		_main          		CODE           	0AA4	0000	67
		_inicializacao 		CODE           	0B44	0000	127
		_spi_read      		CODE           	094F	0000	25
		_spi_init      		CODE           	07F1	0000	14
		_xandi         		CODE           	0E88	0000	376
		_principal     		CODE           	0015	0000	896
		_acao          		CODE           	06C7	0000	298

TCC_1.c estimated size: 2120

../LCD_ModSauer.c
		_lcd_putc      		CODE           	09C3	0000	39
		_putch         		CODE           	090C	0000	8
		_lcd_clear     		CODE           	0968	0000	26
		_lcd_goto      		CODE           	03F2	0000	10
		_lcd_write     		CODE           	0A16	0000	46
		_lcd_init      		CODE           	0BC3	0000	209

../LCD_ModSauer.c estimated size: 338

