Microchip MPLAB XC8 Compiler V1.20 ()

Linker command line:

--edf=C:\Program Files (x86)\Microchip\xc8\v1.20\dat\en_msgs.txt -cs \
  -h+dist/default/production\TCC_escravo.X.production.sym \
  --cmf=dist/default/production\TCC_escravo.X.production.cmf -z -Q16F690 \
  -oC:\Users\ALEXAN~1\AppData\Local\Temp\sbfc.6 \
  -Mdist/default/production/TCC_escravo.X.production.map -E1 -ver=XC8 \
  -ACONST=00h-0FFhx16 -ACODE=00h-07FFhx2 -ASTRCODE=00h-0FFFh \
  -AENTRY=00h-0FFhx16 -ASTRING=00h-0FFhx16 -ACOMMON=070h-07Fh \
  -ABANK0=020h-06Fh -ABANK1=0A0h-0EFh -ABANK2=0120h-016Fh \
  -ARAM=020h-06Fh,0A0h-0EFh,0120h-016Fh \
  -AABS1=020h-07Fh,0A0h-0EFh,0120h-016Fh -ASFR0=00h-01Fh -ASFR1=080h-09Fh \
  -ASFR2=0100h-011Fh -ASFR3=0180h-01EFh \
  -preset_vec=00h,intentry=04h,init,end_init -ppowerup=CODE -pfunctab=CODE \
  -ACONFIG=02007h-02007h -pconfig=CONFIG -DCONFIG=2 -AIDLOC=02000h-02003h \
  -pidloc=IDLOC -DIDLOC=2 -AEEDATA=00h-0FFh/02100h -peeprom_data=EEDATA \
  -DEEDATA=2 -DCODE=2 -DSTRCODE=2 -DSTRING=2 -DCONST=2 -DENTRY=2 -k \
  C:\Users\ALEXAN~1\AppData\Local\Temp\sbfc.obj \
  dist/default/production\TCC_escravo.X.production.obj 

Object code version is 3.11

Machine type is 16F690



                Name                               Link     Load   Length Selector   Space Scale
C:\Users\ALEXAN~1\AppData\Local\Temp\sbfc.obj
                end_init                             11       11        2        8       0
                reset_vec                             0        0        2        0       0
                config                             2007     2007        1     400E       0
dist/default/production\TCC_escravo.X.production.obj
                intentry                              4        4        D        8       0
                text19                              F99      F99       2E     1F32       0
                text18                              F5C      F5C        D     1EB8       0
                text17                              7F8      7F8        6      FF0       0
                text16                              F80      F80       19     1F00       0
                text15                              498      498       7C        8       0
                text14                              FC7      FC7       39     1F8E       0
                text13                              79F      79F       39        8       0
                text12                              6AC      6AC       43        8       0
                text11                              766      766       39        8       0
                text10                              72D      72D       39        8       0
                swtext5                             7D8      7D8       20      FB0       0
                text9                               417      417       81        8       0
                text8                               6EF      6EF       3E        8       0
                text7                               64B      64B       61        8       0
                text6                               5EA      5EA       61        8       0
                text5                               589      589       61        8       0
                text4                               514      514       75        8       0
                text3                               2AF      2AF       C9        8       0
                text2                               1AE      1AE      101        8       0
                swtext4                             82A      82A        E     1000       0
                swtext3                             81C      81C        E     1000       0
                swtext2                             80E      80E        E     1000       0
                swtext1                             800      800        E     1000       0
                text1                                13       13      19B        8       0
                maintext                            378      378       9F        8       0
                cstackBANK0                          20       20        4       20       1
                cstackCOMMON                         70       70        5       70       1
                dataBANK0                            24       24        1       20       1
                dataCOMMON                           75       75        4       70       1
                bitbssCOMMON                        3C8       79        2       70       1     8
                cinit                               F69      F69       17     1ED2       0
                idataBANK0                          7FE      7FE        1      FF0       0
                idataCOMMON                         F58      F58        4     1EB0       0

TOTAL           Name                               Link     Load   Length     Space
        CLASS   CONST          
                swtext5                             7D8      7D8       20         0
                swtext4                             82A      82A        E         0
                swtext3                             81C      81C        E         0
                swtext2                             80E      80E        E         0
                swtext1                             800      800        E         0

        CLASS   CODE           
                end_init                             11       11        2         0
                intentry                              4        4        D         0
                reset_vec                             0        0        2         0
                text19                              F99      F99       2E         0
                text18                              F5C      F5C        D         0
                text17                              7F8      7F8        6         0
                text16                              F80      F80       19         0
                text15                              498      498       7C         0
                text14                              FC7      FC7       39         0
                text13                              79F      79F       39         0
                text12                              6AC      6AC       43         0
                text11                              766      766       39         0
                text10                              72D      72D       39         0
                text9                               417      417       81         0
                text8                               6EF      6EF       3E         0
                text7                               64B      64B       61         0
                text6                               5EA      5EA       61         0
                text5                               589      589       61         0
                text4                               514      514       75         0
                text3                               2AF      2AF       C9         0
                text2                               1AE      1AE      101         0
                text1                                13       13      19B         0
                maintext                            378      378       9F         0
                cinit                               F69      F69       17         0
                idataBANK0                          7FE      7FE        1         0
                idataCOMMON                         F58      F58        4         0

        CLASS   STRCODE        

        CLASS   ENTRY          

        CLASS   STRING         

        CLASS   COMMON         
                cstackCOMMON                         70       70        5         1
                dataCOMMON                           75       75        4         1
                bitbssCOMMON                        3C8       79        2         1

        CLASS   BANK0          
                cstackBANK0                          20       20        4         1
                dataBANK0                            24       24        1         1

        CLASS   BANK1          

        CLASS   BANK2          

        CLASS   RAM            

        CLASS   ABS1           
                abs_s1                               7E       7E        2         1

        CLASS   SFR0           

        CLASS   SFR1           

        CLASS   SFR2           

        CLASS   SFR3           

        CLASS   CONFIG         
                config                             2007     2007        1         0

        CLASS   IDLOC          

        CLASS   EEDATA         

        CLASS   BANK3          



SEGMENTS        Name                           Load    Length   Top    Selector   Space  Class     Delta

                reset_vec                      000000  000002  000002         0       0  CODE        2
                intentry                       000004  0007D4  0007D8         8       0  CODE        2
                cstackBANK0                    000020  000005  000025        20       1  BANK0       1
                cstackCOMMON                   000070  00000A  00007A        70       1  COMMON      1
                swtext5                        0007D8  000020  0007F8       FB0       0  CONST       2
                text17                         0007F8  000007  0007FF       FF0       0  CODE        2
                swtext1                        000800  000038  000838      1000       0  CONST       2
                idataCOMMON                    000F58  000004  000F5C      1EB0       0  CODE        2
                text18                         000F5C  00000D  000F69      1EB8       0  CODE        2
                cinit                          000F69  000017  000F80      1ED2       0  CODE        2
                text16                         000F80  000019  000F99      1F00       0  CODE        2
                text19                         000F99  00002E  000FC7      1F32       0  CODE        2
                text14                         000FC7  000039  001000      1F8E       0  CODE        2
                config                         002007  000001  002008      400E       0  CONFIG      2


UNUSED ADDRESS RANGES

        Name                Unused          Largest block    Delta
        BANK0            0025-006F             4B           1
        BANK1            00A0-00EF             50           1
        BANK2            0120-016F             50           1
        CODE             0002-0003              2           2
                         07FF-07FF              1
                         0838-0F57            720
        COMMON           007A-007D              4           1
        CONST            0002-0003              2           2
                         07FF-07FF              1
                         0838-0F57            100
        EEDATA           2100-21FF            100           2
        ENTRY            0002-0003              2           2
                         07FF-07FF              1
                         0838-0F57            100
        IDLOC            2000-2003              4           2
        RAM              0025-006F             4B           1
                         00A0-00EF             50
                         0120-016F             50
        SFR0             0000-001F             20           1
        SFR1             0080-009F             20           1
        SFR2             0100-011F             20           1
        SFR3             0180-01EF             70           1
        STRCODE          0002-0003              2           2
                         07FF-07FF              1
                         0838-0F57            720
        STRING           0002-0003              2           2
                         07FF-07FF              1
                         0838-0F57            100

                                  Symbol Table

AX74165@data               cstackBANK0  0021
AX74191@num                cstackBANK0  0021
AX74192@num                cstackBANK0  0021
AX7447@num                 cstackBANK0  0022
_ANSEL                     (abs)        011E
_ANSELH                    (abs)        011F
_AX7400                    text14       0FC7
_AX7400$87                 cstackBANK0  0020
_AX7400$88                 cstackBANK0  0021
_AX7400$89                 cstackBANK0  0022
_AX7400$90                 cstackBANK0  0023
_AX7402                    text13       079F
_AX7402$92                 cstackBANK0  0020
_AX7402$93                 cstackBANK0  0021
_AX7402$94                 cstackBANK0  0022
_AX7402$95                 cstackBANK0  0023
_AX7404                    text12       06AC
_AX7408                    text11       0766
_AX7408$100                cstackBANK0  0022
_AX7408$101                cstackBANK0  0023
_AX7408$98                 cstackBANK0  0020
_AX7408$99                 cstackBANK0  0021
_AX74165                   text4        0514
_AX74191                   text3        02AF
_AX74192                   text2        01AE
_AX7432                    text10       072D
_AX7432$103                cstackBANK0  0020
_AX7432$104                cstackBANK0  0021
_AX7432$105                cstackBANK0  0022
_AX7432$106                cstackBANK0  0023
_AX7447                    text8        06EF
_AX7473                    text7        064B
_AX7474                    text6        05EA
_AX7486                    text5        0589
_BF                        (abs)        04A0
_DADO_RX                   dataCOMMON   0075
_EEADR                     (abs)        010D
_EECON1                    (abs)        018C
_EECON2                    (abs)        018D
_EEDAT                     (abs)        010C
_EEIE                      (abs)        046C
_EEIF                      (abs)        006C
_GIE                       (abs)        005F
_INTCON                    (abs)        000B
_OPTION_REG                (abs)        0081
_OSCCON                    (abs)        008F
_PORTA                     (abs)        0005
_PORTA1                    dataCOMMON   0076
_PORTA2                    dataCOMMON   0077
_PORTA3                    dataCOMMON   0078
_PORTA4                    dataBANK0    0024
_PORTB                     (abs)        0006
_PORTC                     (abs)        0007
_RA0                       (abs)        0028
_RA1                       (abs)        0029
_RA2                       (abs)        002A
_RA4                       (abs)        002C
_RA5                       (abs)        002D
_RB4                       (abs)        0034
_RB5                       (abs)        0035
_RB6                       (abs)        0036
_RB7                       (abs)        0037
_RC0                       (abs)        0038
_RC1                       (abs)        0039
_RC2                       (abs)        003A
_RC3                       (abs)        003B
_RC4                       (abs)        003C
_RC5                       (abs)        003D
_RC6                       (abs)        003E
_RC7                       (abs)        003F
_RD                        (abs)        0C60
_SSPBUF                    (abs)        0013
_SSPCON                    (abs)        0014
_SSPIE                     (abs)        0463
_SSPIF                     (abs)        0063
_SSPSTAT                   (abs)        0094
_TRISA                     (abs)        0085
_TRISB                     (abs)        0086
_TRISB6                    (abs)        0436
_TRISC                     (abs)        0087
_TRISC7                    (abs)        043F
_WR                        (abs)        0C61
_WREN                      (abs)        0C62
__CFG_BOREN$OFF            (abs)        0000
__CFG_CP$OFF               (abs)        0000
__CFG_CPD$OFF              (abs)        0000
__CFG_FCMEN$OFF            (abs)        0000
__CFG_FOSC$INTRCIO         (abs)        0000
__CFG_IESO$OFF             (abs)        0000
__CFG_MCLRE$OFF            (abs)        0000
__CFG_PWRTE$ON             (abs)        0000
__CFG_WDTE$OFF             (abs)        0000
__Habs1                    abs1         0000
__Hbank0                   bank0        0000
__Hbank1                   bank1        0000
__Hbank2                   bank2        0000
__Hbank3                   bank3        0000
__HbitbssCOMMON            bitbssCOMMON 0000
__Hcinit                   cinit        0000
__Hclrtext                 clrtext      0000
__Hcode                    code         0000
__Hcommon                  common       0000
__Hconfig                  config       2008
__HcstackBANK0             cstackBANK0  0000
__HcstackCOMMON            cstackCOMMON 0000
__HdataBANK0               dataBANK0    0000
__HdataCOMMON              dataCOMMON   0000
__Heeprom_data             eeprom_data  0000
__Hend_init                end_init     0013
__Hfunctab                 functab      0000
__HidataBANK0              idataBANK0   0000
__HidataCOMMON             idataCOMMON  0000
__Hidloc                   idloc        0000
__Hinit                    init         0011
__Hintentry                intentry     0011
__Hmaintext                maintext     0000
__Hpowerup                 powerup      0000
__Hram                     ram          0000
__Hreset_vec               reset_vec    0002
__Hsfr0                    sfr0         0000
__Hsfr1                    sfr1         0000
__Hsfr2                    sfr2         0000
__Hsfr3                    sfr3         0000
__Hstrings                 strings      0000
__Htext                    text         0000
__Labs1                    abs1         0000
__Lbank0                   bank0        0000
__Lbank1                   bank1        0000
__Lbank2                   bank2        0000
__Lbank3                   bank3        0000
__LbitbssCOMMON            bitbssCOMMON 0000
__Lcinit                   cinit        0000
__Lclrtext                 clrtext      0000
__Lcode                    code         0000
__Lcommon                  common       0000
__Lconfig                  config       2007
__LcstackBANK0             cstackBANK0  0000
__LcstackCOMMON            cstackCOMMON 0000
__LdataBANK0               dataBANK0    0000
__LdataCOMMON              dataCOMMON   0000
__Leeprom_data             eeprom_data  0000
__Lend_init                end_init     0011
__Lfunctab                 functab      0000
__LidataBANK0              idataBANK0   0000
__LidataCOMMON             idataCOMMON  0000
__Lidloc                   idloc        0000
__Linit                    init         0011
__Lintentry                intentry     0004
__Lmaintext                maintext     0000
__Lpowerup                 powerup      0000
__Lram                     ram          0000
__Lreset_vec               reset_vec    0000
__Lsfr0                    sfr0         0000
__Lsfr1                    sfr1         0000
__Lsfr2                    sfr2         0000
__Lsfr3                    sfr3         0000
__Lstrings                 strings      0000
__Ltext                    text         0000
__S0                       (abs)        2008
__S1                       (abs)        007A
__S3                       (abs)        0000
___latbits                 (abs)        0001
__end_of_AX7400            text14       1000
__end_of_AX7402            text13       07D8
__end_of_AX7404            text12       06EF
__end_of_AX7408            text11       079F
__end_of_AX74165           text4        0589
__end_of_AX74191           text3        0378
__end_of_AX74192           text2        02AF
__end_of_AX7432            text10       0766
__end_of_AX7447            text8        072D
__end_of_AX7473            text7        06AC
__end_of_AX7474            text6        064B
__end_of_AX7486            text5        05EA
__end_of__initialization   cinit        0F7D
__end_of_gravar_eeprom     text16       0F99
__end_of_main              maintext     0417
__end_of_modo_programacao  text15       0514
__end_of_select_portas     text1        01AE
__end_of_spi_init          text18       0F69
__end_of_spi_write         text17       07FE
__end_of_tabela            text9        0498
__end_of_xandi             text19       0FC7
__initialization           cinit        0F69
__pbitbssCOMMON            bitbssCOMMON 03C8
__pcstackBANK0             cstackBANK0  0020
__pcstackCOMMON            cstackCOMMON 0070
__pdataBANK0               dataBANK0    0024
__pdataCOMMON              dataCOMMON   0075
__pidataBANK0              idataBANK0   07FE
__pidataCOMMON             idataCOMMON  0F58
__pintentry                intentry     0004
__pmaintext                maintext     0378
__pswtext1                 swtext1      0800
__pswtext2                 swtext2      080E
__pswtext3                 swtext3      081C
__pswtext4                 swtext4      082A
__pswtext5                 swtext5      07D8
__ptext1                   text1        0013
__ptext10                  text10       072D
__ptext11                  text11       0766
__ptext12                  text12       06AC
__ptext13                  text13       079F
__ptext14                  text14       0FC7
__ptext15                  text15       0498
__ptext16                  text16       0F80
__ptext17                  text17       07F8
__ptext18                  text18       0F5C
__ptext19                  text19       0F99
__ptext2                   text2        01AE
__ptext3                   text3        02AF
__ptext4                   text4        0514
__ptext5                   text5        0589
__ptext6                   text6        05EA
__ptext7                   text7        064B
__ptext8                   text8        06EF
__ptext9                   text9        0417
__size_of_AX7400           (abs)        0000
__size_of_AX7402           (abs)        0000
__size_of_AX7404           (abs)        0000
__size_of_AX7408           (abs)        0000
__size_of_AX74165          (abs)        0000
__size_of_AX74191          (abs)        0000
__size_of_AX74192          (abs)        0000
__size_of_AX7432           (abs)        0000
__size_of_AX7447           (abs)        0000
__size_of_AX7473           (abs)        0000
__size_of_AX7474           (abs)        0000
__size_of_AX7486           (abs)        0000
__size_of_gravar_eeprom    (abs)        0000
__size_of_main             (abs)        0000
__size_of_modo_programacao (abs)        0000
__size_of_select_portas    (abs)        0000
__size_of_spi_init         (abs)        0000
__size_of_spi_write        (abs)        0000
__size_of_tabela           (abs)        0000
__size_of_xandi            (abs)        0000
_gravar_eeprom             text16       0F80
_main                      maintext     0378
_modo_programacao          text15       0498
_select_portas             text1        0013
_spi_init                  text18       0F5C
_spi_write                 text17       07F8
_tabela                    text9        0417
_up1                       bitbssCOMMON 03C8
_up2                       bitbssCOMMON 03C9
_xandi                     text19       0F99
btemp                      (abs)        007E
end_of_initialization      cinit        0F7D
gravar_eeprom@adr          cstackBANK0  0020
interrupt_function         intentry     0004
intlevel0                  functab      0000
intlevel1                  functab      0000
intlevel2                  functab      0000
intlevel3                  functab      0000
intlevel4                  functab      0000
intlevel5                  functab      0000
reset_vec                  reset_vec    0000
saved_w                    (abs)        007E
spi_write@dado             cstackBANK0  0020
start                      init         0011
start_initialization       cinit        0F69
tabela@dado                cstackBANK0  0020
wtemp0                     (abs)        007E


FUNCTION INFORMATION:

 *************** function _main *****************
 Defined at:
		line 601 in file "TCC_escravo.c"
 Parameters:    Size  Location     Type
		None
 Auto vars:     Size  Location     Type
		None
 Return value:  Size  Location     Type
		None               void
 Registers used:
		wreg, fsr0l, fsr0h, status,2, status,0, pclath, cstack
 Tracked objects:
		On entry : 
		On exit  : 
		Unchanged: 
 Data sizes:     COMMON   BANK0   BANK1   BANK2
      Params:         0       0       0       0
      Locals:         0       0       0       0
      Temps:          0       0       0       0
      Totals:         0       0       0       0
Total ram usage:        0 bytes
 Hardware stack levels required when called:    3
 This function calls:
		_modo_programacao
		_AX7400
		_AX7402
		_AX7404
		_AX7408
		_AX7432
		_AX7447
		_AX7473
		_AX7474
		_AX7486
		_AX74165
		_AX74191
		_AX74192
		_select_portas
 This function is called by:
		Startup code after reset
 This function uses a non-reentrant model


 *************** function _select_portas *****************
 Defined at:
		line 545 in file "TCC_escravo.c"
 Parameters:    Size  Location     Type
		None
 Auto vars:     Size  Location     Type
		None
 Return value:  Size  Location     Type
		None               void
 Registers used:
		wreg, fsr0l, fsr0h, status,2, status,0
 Tracked objects:
		On entry : 
		On exit  : 
		Unchanged: 
 Data sizes:     COMMON   BANK0   BANK1   BANK2
      Params:         0       0       0       0
      Locals:         0       0       0       0
      Temps:          0       2       0       0
      Totals:         0       2       0       0
Total ram usage:        2 bytes
 Hardware stack levels used:    1
 Hardware stack levels required when called:    1
 This function calls:
		Nothing
 This function is called by:
		_main
 This function uses a non-reentrant model


 *************** function _AX74192 *****************
 Defined at:
		line 488 in file "TCC_escravo.c"
 Parameters:    Size  Location     Type
		None
 Auto vars:     Size  Location     Type
  num             1    1[BANK0 ] unsigned char 
 Return value:  Size  Location     Type
		None               void
 Registers used:
		wreg, status,2, status,0
 Tracked objects:
		On entry : 
		On exit  : 
		Unchanged: 
 Data sizes:     COMMON   BANK0   BANK1   BANK2
      Params:         0       0       0       0
      Locals:         0       1       0       0
      Temps:          0       1       0       0
      Totals:         0       2       0       0
Total ram usage:        2 bytes
 Hardware stack levels used:    1
 Hardware stack levels required when called:    1
 This function calls:
		Nothing
 This function is called by:
		_main
 This function uses a non-reentrant model


 *************** function _AX74191 *****************
 Defined at:
		line 435 in file "TCC_escravo.c"
 Parameters:    Size  Location     Type
		None
 Auto vars:     Size  Location     Type
  num             1    1[BANK0 ] unsigned char 
 Return value:  Size  Location     Type
		None               void
 Registers used:
		wreg, status,2, status,0
 Tracked objects:
		On entry : 
		On exit  : 
		Unchanged: 
 Data sizes:     COMMON   BANK0   BANK1   BANK2
      Params:         0       0       0       0
      Locals:         0       1       0       0
      Temps:          0       1       0       0
      Totals:         0       2       0       0
Total ram usage:        2 bytes
 Hardware stack levels used:    1
 Hardware stack levels required when called:    1
 This function calls:
		Nothing
 This function is called by:
		_main
 This function uses a non-reentrant model


 *************** function _AX74165 *****************
 Defined at:
		line 393 in file "TCC_escravo.c"
 Parameters:    Size  Location     Type
		None
 Auto vars:     Size  Location     Type
  data            1    1[BANK0 ] unsigned char 
 Return value:  Size  Location     Type
		None               void
 Registers used:
		wreg, status,2, status,0
 Tracked objects:
		On entry : 
		On exit  : 
		Unchanged: 
 Data sizes:     COMMON   BANK0   BANK1   BANK2
      Params:         0       0       0       0
      Locals:         0       1       0       0
      Temps:          0       1       0       0
      Totals:         0       2       0       0
Total ram usage:        2 bytes
 Hardware stack levels used:    1
 Hardware stack levels required when called:    1
 This function calls:
		Nothing
 This function is called by:
		_main
 This function uses a non-reentrant model


 *************** function _AX7486 *****************
 Defined at:
		line 380 in file "TCC_escravo.c"
 Parameters:    Size  Location     Type
		None
 Auto vars:     Size  Location     Type
		None
 Return value:  Size  Location     Type
		None               void
 Registers used:
		wreg
 Tracked objects:
		On entry : 
		On exit  : 
		Unchanged: 
 Data sizes:     COMMON   BANK0   BANK1   BANK2
      Params:         0       0       0       0
      Locals:         0       0       0       0
      Temps:          0       1       0       0
      Totals:         0       1       0       0
Total ram usage:        1 bytes
 Hardware stack levels used:    1
 Hardware stack levels required when called:    1
 This function calls:
		Nothing
 This function is called by:
		_main
 This function uses a non-reentrant model


 *************** function _AX7474 *****************
 Defined at:
		line 325 in file "TCC_escravo.c"
 Parameters:    Size  Location     Type
		None
 Auto vars:     Size  Location     Type
		None
 Return value:  Size  Location     Type
		None               void
 Registers used:
		wreg
 Tracked objects:
		On entry : 
		On exit  : 
		Unchanged: 
 Data sizes:     COMMON   BANK0   BANK1   BANK2
      Params:         0       0       0       0
      Locals:         0       0       0       0
      Temps:          0       0       0       0
      Totals:         0       0       0       0
Total ram usage:        0 bytes
 Hardware stack levels used:    1
 Hardware stack levels required when called:    1
 This function calls:
		Nothing
 This function is called by:
		_main
 This function uses a non-reentrant model


 *************** function _AX7473 *****************
 Defined at:
		line 271 in file "TCC_escravo.c"
 Parameters:    Size  Location     Type
		None
 Auto vars:     Size  Location     Type
		None
 Return value:  Size  Location     Type
		None               void
 Registers used:
		wreg
 Tracked objects:
		On entry : 
		On exit  : 
		Unchanged: 
 Data sizes:     COMMON   BANK0   BANK1   BANK2
      Params:         0       0       0       0
      Locals:         0       0       0       0
      Temps:          0       0       0       0
      Totals:         0       0       0       0
Total ram usage:        0 bytes
 Hardware stack levels used:    1
 Hardware stack levels required when called:    1
 This function calls:
		Nothing
 This function is called by:
		_main
 This function uses a non-reentrant model


 *************** function _AX7447 *****************
 Defined at:
		line 252 in file "TCC_escravo.c"
 Parameters:    Size  Location     Type
		None
 Auto vars:     Size  Location     Type
  num             1    2[BANK0 ] unsigned char 
 Return value:  Size  Location     Type
		None               void
 Registers used:
		wreg, fsr0l, fsr0h, status,2, status,0, pclath, cstack
 Tracked objects:
		On entry : 
		On exit  : 
		Unchanged: 
 Data sizes:     COMMON   BANK0   BANK1   BANK2
      Params:         0       0       0       0
      Locals:         0       1       0       0
      Temps:          0       1       0       0
      Totals:         0       2       0       0
Total ram usage:        2 bytes
 Hardware stack levels used:    1
 Hardware stack levels required when called:    2
 This function calls:
		_tabela
 This function is called by:
		_main
 This function uses a non-reentrant model


 *************** function _tabela *****************
 Defined at:
		line 45 in file "TCC_escravo.c"
 Parameters:    Size  Location     Type
  dado            1    wreg     unsigned char 
 Auto vars:     Size  Location     Type
  dado            1    0[BANK0 ] unsigned char 
 Return value:  Size  Location     Type
		None               void
 Registers used:
		wreg, fsr0l, fsr0h, status,2, status,0
 Tracked objects:
		On entry : 
		On exit  : 
		Unchanged: 
 Data sizes:     COMMON   BANK0   BANK1   BANK2
      Params:         0       0       0       0
      Locals:         0       1       0       0
      Temps:          0       0       0       0
      Totals:         0       1       0       0
Total ram usage:        1 bytes
 Hardware stack levels used:    1
 Hardware stack levels required when called:    1
 This function calls:
		Nothing
 This function is called by:
		_AX7447
 This function uses a non-reentrant model


 *************** function _AX7432 *****************
 Defined at:
		line 239 in file "TCC_escravo.c"
 Parameters:    Size  Location     Type
		None
 Auto vars:     Size  Location     Type
		None
 Return value:  Size  Location     Type
		None               void
 Registers used:
		wreg, status,2
 Tracked objects:
		On entry : 
		On exit  : 
		Unchanged: 
 Data sizes:     COMMON   BANK0   BANK1   BANK2
      Params:         0       0       0       0
      Locals:         0       4       0       0
      Temps:          0       0       0       0
      Totals:         0       4       0       0
Total ram usage:        4 bytes
 Hardware stack levels used:    1
 Hardware stack levels required when called:    1
 This function calls:
		Nothing
 This function is called by:
		_main
 This function uses a non-reentrant model


 *************** function _AX7408 *****************
 Defined at:
		line 226 in file "TCC_escravo.c"
 Parameters:    Size  Location     Type
		None
 Auto vars:     Size  Location     Type
		None
 Return value:  Size  Location     Type
		None               void
 Registers used:
		wreg, status,2
 Tracked objects:
		On entry : 
		On exit  : 
		Unchanged: 
 Data sizes:     COMMON   BANK0   BANK1   BANK2
      Params:         0       0       0       0
      Locals:         0       4       0       0
      Temps:          0       0       0       0
      Totals:         0       4       0       0
Total ram usage:        4 bytes
 Hardware stack levels used:    1
 Hardware stack levels required when called:    1
 This function calls:
		Nothing
 This function is called by:
		_main
 This function uses a non-reentrant model


 *************** function _AX7404 *****************
 Defined at:
		line 211 in file "TCC_escravo.c"
 Parameters:    Size  Location     Type
		None
 Auto vars:     Size  Location     Type
		None
 Return value:  Size  Location     Type
		None               void
 Registers used:
		wreg
 Tracked objects:
		On entry : 
		On exit  : 
		Unchanged: 
 Data sizes:     COMMON   BANK0   BANK1   BANK2
      Params:         0       0       0       0
      Locals:         0       0       0       0
      Temps:          0       0       0       0
      Totals:         0       0       0       0
Total ram usage:        0 bytes
 Hardware stack levels used:    1
 Hardware stack levels required when called:    1
 This function calls:
		Nothing
 This function is called by:
		_main
 This function uses a non-reentrant model


 *************** function _AX7402 *****************
 Defined at:
		line 198 in file "TCC_escravo.c"
 Parameters:    Size  Location     Type
		None
 Auto vars:     Size  Location     Type
		None
 Return value:  Size  Location     Type
		None               void
 Registers used:
		wreg, status,2
 Tracked objects:
		On entry : 
		On exit  : 
		Unchanged: 
 Data sizes:     COMMON   BANK0   BANK1   BANK2
      Params:         0       0       0       0
      Locals:         0       4       0       0
      Temps:          0       0       0       0
      Totals:         0       4       0       0
Total ram usage:        4 bytes
 Hardware stack levels used:    1
 Hardware stack levels required when called:    1
 This function calls:
		Nothing
 This function is called by:
		_main
 This function uses a non-reentrant model


 *************** function _AX7400 *****************
 Defined at:
		line 185 in file "TCC_escravo.c"
 Parameters:    Size  Location     Type
		None
 Auto vars:     Size  Location     Type
		None
 Return value:  Size  Location     Type
		None               void
 Registers used:
		wreg, status,2
 Tracked objects:
		On entry : 
		On exit  : 
		Unchanged: 
 Data sizes:     COMMON   BANK0   BANK1   BANK2
      Params:         0       0       0       0
      Locals:         0       4       0       0
      Temps:          0       0       0       0
      Totals:         0       4       0       0
Total ram usage:        4 bytes
 Hardware stack levels used:    1
 Hardware stack levels required when called:    1
 This function calls:
		Nothing
 This function is called by:
		_main
 This function uses a non-reentrant model


 *************** function _modo_programacao *****************
 Defined at:
		line 143 in file "TCC_escravo.c"
 Parameters:    Size  Location     Type
		None
 Auto vars:     Size  Location     Type
		None
 Return value:  Size  Location     Type
		None               void
 Registers used:
		wreg, status,2, status,0, pclath, cstack
 Tracked objects:
		On entry : 
		On exit  : 
		Unchanged: 
 Data sizes:     COMMON   BANK0   BANK1   BANK2
      Params:         0       0       0       0
      Locals:         0       0       0       0
      Temps:          0       1       0       0
      Totals:         0       1       0       0
Total ram usage:        1 bytes
 Hardware stack levels used:    1
 Hardware stack levels required when called:    2
 This function calls:
		_spi_init
		_spi_write
		_gravar_eeprom
 This function is called by:
		_main
 This function uses a non-reentrant model


 *************** function _gravar_eeprom *****************
 Defined at:
		line 131 in file "TCC_escravo.c"
 Parameters:    Size  Location     Type
  adr             1    wreg     unsigned char 
 Auto vars:     Size  Location     Type
  adr             1    0[BANK0 ] unsigned char 
 Return value:  Size  Location     Type
		None               void
 Registers used:
		wreg
 Tracked objects:
		On entry : 
		On exit  : 
		Unchanged: 
 Data sizes:     COMMON   BANK0   BANK1   BANK2
      Params:         0       0       0       0
      Locals:         0       1       0       0
      Temps:          0       0       0       0
      Totals:         0       1       0       0
Total ram usage:        1 bytes
 Hardware stack levels used:    1
 Hardware stack levels required when called:    1
 This function calls:
		Nothing
 This function is called by:
		_modo_programacao
 This function uses a non-reentrant model


 *************** function _spi_write *****************
 Defined at:
		line 41 in file "TCC_escravo.c"
 Parameters:    Size  Location     Type
  dado            1    wreg     unsigned char 
 Auto vars:     Size  Location     Type
  dado            1    0[BANK0 ] unsigned char 
 Return value:  Size  Location     Type
		None               void
 Registers used:
		wreg
 Tracked objects:
		On entry : 
		On exit  : 
		Unchanged: 
 Data sizes:     COMMON   BANK0   BANK1   BANK2
      Params:         0       0       0       0
      Locals:         0       1       0       0
      Temps:          0       0       0       0
      Totals:         0       1       0       0
Total ram usage:        1 bytes
 Hardware stack levels used:    1
 Hardware stack levels required when called:    1
 This function calls:
		Nothing
 This function is called by:
		_modo_programacao
 This function uses a non-reentrant model


 *************** function _spi_init *****************
 Defined at:
		line 28 in file "TCC_escravo.c"
 Parameters:    Size  Location     Type
		None
 Auto vars:     Size  Location     Type
		None
 Return value:  Size  Location     Type
		None               void
 Registers used:
		wreg, status,2
 Tracked objects:
		On entry : 
		On exit  : 
		Unchanged: 
 Data sizes:     COMMON   BANK0   BANK1   BANK2
      Params:         0       0       0       0
      Locals:         0       0       0       0
      Temps:          0       0       0       0
      Totals:         0       0       0       0
Total ram usage:        0 bytes
 Hardware stack levels used:    1
 Hardware stack levels required when called:    1
 This function calls:
		Nothing
 This function is called by:
		_modo_programacao
 This function uses a non-reentrant model


 *************** function _xandi *****************
 Defined at:
		line 117 in file "TCC_escravo.c"
 Parameters:    Size  Location     Type
		None
 Auto vars:     Size  Location     Type
		None
 Return value:  Size  Location     Type
		None               void
 Registers used:
		wreg
 Tracked objects:
		On entry : 
		On exit  : 
		Unchanged: 
 Data sizes:     COMMON   BANK0   BANK1   BANK2
      Params:         0       0       0       0
      Locals:         0       0       0       0
      Temps:          5       0       0       0
      Totals:         5       0       0       0
Total ram usage:        5 bytes
 Hardware stack levels used:    1
 This function calls:
		Nothing
 This function is called by:
		Interrupt level 1
 This function uses a non-reentrant model



MODULE INFORMATION

Module		Function		Class		Link	Load	Size
TCC_escravo.c
		_AX7408        		CODE           	0766	0000	57
		_select_portas 		CODE           	0013	0000	411
		_AX74191       		CODE           	02AF	0000	201
		_tabela        		CODE           	0417	0000	129
		_AX7400        		CODE           	0FC7	0000	57
		_main          		CODE           	0378	0000	159
		_spi_write     		CODE           	07F8	0000	6
		_gravar_eeprom 		CODE           	0F80	0000	25
		_AX7447        		CODE           	06EF	0000	62
		_AX7432        		CODE           	072D	0000	57
		_AX7473        		CODE           	064B	0000	97
		_spi_init      		CODE           	0F5C	0000	13
		_AX7404        		CODE           	06AC	0000	67
		_AX7486        		CODE           	0589	0000	97
		_xandi         		CODE           	0F99	0000	46
		_AX7474        		CODE           	05EA	0000	97
		_modo_programac		CODE           	0498	0000	124
		_AX74192       		CODE           	01AE	0000	257
		_AX7402        		CODE           	079F	0000	57
		_AX74165       		CODE           	0514	0000	117

TCC_escravo.c estimated size: 2136

shared
		__initializatio		CODE           	0F69	0000	20

shared estimated size: 20

